    3.4541E-10    3.3960E-15    6.6856E-11    2.7477E-16   -1.8504E-15    2.7245E-13
    3.3960E-15    5.1044E-11    6.4634E-16    6.3909E-12   -1.9401E-15    9.1450E-19
    6.6856E-11    6.4634E-16    1.2943E-11    5.1824E-17    5.0488E-17    8.4360E-14
    2.7477E-16    6.3909E-12    5.1824E-17    8.0051E-13   -4.2729E-16    1.4665E-18
   -1.8504E-15   -1.9401E-15    5.0488E-17   -4.2729E-16    7.1571E-06   -1.8338E-08
    2.7245E-13    9.1450E-19    8.4360E-14    1.4665E-18   -1.8338E-08    1.0955E-06
